// Jest Snapshot v1, https://goo.gl/fbAQLP

exports[`Main Component Logged Out View 1`] = `
<div
  className="loginContext"
>
  <span>
    Trouble connecting? Make sure your Quip and Salesforce admin has 
    <a
      href="https://www.quipsupport.com/hc/en-us/articles/360022156351-Quip-Salesforce-Integration-Summary"
      onClick={[Function]}
      rel="noopener noreferrer"
      target="_blank"
    >
      already set up the integration
    </a>
    , and that your browser isn't blocking the login popup.
  </span>
</div>
`;
